remove existed run csv to avoid duplication
first batch - job1
[Profile] profile mode on
using cuda...
[Profile] prerun mem stats: OrderedDict()
[Profile] early stop at epoch3
Files already downloaded and verified
Files already downloaded and verified
[Profile] Model parameters = 2122186
[Profile] model used 8489984 memory
Epoch 1, Loss: 1.6515020821541453, Time: 14.10 seconds
Mon Nov  6 18:45:49 2023
+-----------------------------------------------------------------------------+
| NVIDIA-SMI 510.108.03   Driver Version: 510.108.03   CUDA Version: 11.6     |
|-------------------------------+----------------------+----------------------+
| GPU  Name        Persistence-M| Bus-Id        Disp.A | Volatile Uncorr. ECC |
| Fan  Temp  Perf  Pwr:Usage/Cap|         Memory-Usage | GPU-Util  Compute M. |
|                               |                      |               MIG M. |
|===============================+======================+======================|
|   0  NVIDIA RTX A5000    Off  | 00000000:65:00.0 Off |                  Off |
| 30%   37C    P2    70W / 230W |   2137MiB / 24564MiB |     12%      Default |
|                               |                      |                  N/A |
+-------------------------------+----------------------+----------------------+

[Profile]GPU INFO - {'1042': [{'gpu_num': '0', 'user': 'bing', 'gpu_mem': '1900MiB', 'cpu': '104', 'mem': '3.5', 'time': '00:17', 'command': 'python imgclassification-train.py --batch_size 32 --profile --profile_n_epoch 3 --n_epoch 5 --profile_run 1 --model_name cnn'}]}
Epoch 2, Loss: 1.3730792214454022, Time: 12.23 seconds
Mon Nov  6 18:46:02 2023
+-----------------------------------------------------------------------------+
| NVIDIA-SMI 510.108.03   Driver Version: 510.108.03   CUDA Version: 11.6     |
|-------------------------------+----------------------+----------------------+
| GPU  Name        Persistence-M| Bus-Id        Disp.A | Volatile Uncorr. ECC |
| Fan  Temp  Perf  Pwr:Usage/Cap|         Memory-Usage | GPU-Util  Compute M. |
|                               |                      |               MIG M. |
|===============================+======================+======================|
|   0  NVIDIA RTX A5000    Off  | 00000000:65:00.0 Off |                  Off |
| 30%   39C    P2    71W / 230W |   2138MiB / 24564MiB |     12%      Default |
|                               |                      |                  N/A |
+-------------------------------+----------------------+----------------------+

[Profile]GPU INFO - {'1042': [{'gpu_num': '0', 'user': 'bing', 'gpu_mem': '1900MiB', 'cpu': '104', 'mem': '3.5', 'time': '00:17', 'command': 'python imgclassification-train.py --batch_size 32 --profile --profile_n_epoch 3 --n_epoch 5 --profile_run 1 --model_name cnn'}, {'gpu_num': '0', 'user': 'bing', 'gpu_mem': '1900MiB', 'cpu': '104', 'mem': '3.5', 'time': '00:29', 'command': 'python imgclassification-train.py --batch_size 32 --profile --profile_n_epoch 3 --n_epoch 5 --profile_run 1 --model_name cnn'}]}
Epoch 3, Loss: 1.2635451038525949, Time: 11.99 seconds
Mon Nov  6 18:46:14 2023
+-----------------------------------------------------------------------------+
| NVIDIA-SMI 510.108.03   Driver Version: 510.108.03   CUDA Version: 11.6     |
|-------------------------------+----------------------+----------------------+
| GPU  Name        Persistence-M| Bus-Id        Disp.A | Volatile Uncorr. ECC |
| Fan  Temp  Perf  Pwr:Usage/Cap|         Memory-Usage | GPU-Util  Compute M. |
|                               |                      |               MIG M. |
|===============================+======================+======================|
|   0  NVIDIA RTX A5000    Off  | 00000000:65:00.0 Off |                  Off |
| 30%   40C    P2    71W / 230W |   2138MiB / 24564MiB |      8%      Default |
|                               |                      |                  N/A |
+-------------------------------+----------------------+----------------------+

[Profile]GPU INFO - {'1042': [{'gpu_num': '0', 'user': 'bing', 'gpu_mem': '1900MiB', 'cpu': '104', 'mem': '3.5', 'time': '00:17', 'command': 'python imgclassification-train.py --batch_size 32 --profile --profile_n_epoch 3 --n_epoch 5 --profile_run 1 --model_name cnn'}, {'gpu_num': '0', 'user': 'bing', 'gpu_mem': '1900MiB', 'cpu': '104', 'mem': '3.5', 'time': '00:29', 'command': 'python imgclassification-train.py --batch_size 32 --profile --profile_n_epoch 3 --n_epoch 5 --profile_run 1 --model_name cnn'}, {'gpu_num': '0', 'user': 'bing', 'gpu_mem': '1900MiB', 'cpu': '101', 'mem': '3.5', 'time': '00:42', 'command': 'python imgclassification-train.py --batch_size 32 --profile --profile_n_epoch 3 --n_epoch 5 --profile_run 1 --model_name cnn'}]}
Total Training Time: 0.000000h 0.000000m 38.846393s
Average Time for each Epoch: 0.000000h 0.000000m 12.948798s
[Profile] profiled results for job config stored at /home/bing/mlProfiler/template/profile/job_env_run_1.csv
Earlystop at epoch3
Training finished!
Test Accuracy: 56.41%
first batch - job2
[Profile] profile mode on
using cuda...
[Profile] prerun mem stats: OrderedDict()
[Profile] early stop at epoch3
Files already downloaded and verified
Files already downloaded and verified
[Profile] Model parameters = 2122186
[Profile] model used 8489984 memory
Epoch 1, Loss: 1.6686831184937567, Time: 14.03 seconds
Mon Nov  6 18:46:34 2023
+-----------------------------------------------------------------------------+
| NVIDIA-SMI 510.108.03   Driver Version: 510.108.03   CUDA Version: 11.6     |
|-------------------------------+----------------------+----------------------+
| GPU  Name        Persistence-M| Bus-Id        Disp.A | Volatile Uncorr. ECC |
| Fan  Temp  Perf  Pwr:Usage/Cap|         Memory-Usage | GPU-Util  Compute M. |
|                               |                      |               MIG M. |
|===============================+======================+======================|
|   0  NVIDIA RTX A5000    Off  | 00000000:65:00.0 Off |                  Off |
| 30%   42C    P2    74W / 230W |   2138MiB / 24564MiB |     12%      Default |
|                               |                      |                  N/A |
+-------------------------------+----------------------+----------------------+

[Profile]GPU INFO - {'1141': [{'gpu_num': '0', 'user': 'bing', 'gpu_mem': '1900MiB', 'cpu': '103', 'mem': '3.4', 'time': '00:17', 'command': 'python imgclassification-train.py --batch_size 32 --profile --profile_n_epoch 3 --n_epoch 15 --profile_run 1 --model_name cnn'}]}
Epoch 2, Loss: 1.3988644256472815, Time: 12.40 seconds
Mon Nov  6 18:46:46 2023
+-----------------------------------------------------------------------------+
| NVIDIA-SMI 510.108.03   Driver Version: 510.108.03   CUDA Version: 11.6     |
|-------------------------------+----------------------+----------------------+
| GPU  Name        Persistence-M| Bus-Id        Disp.A | Volatile Uncorr. ECC |
| Fan  Temp  Perf  Pwr:Usage/Cap|         Memory-Usage | GPU-Util  Compute M. |
|                               |                      |               MIG M. |
|===============================+======================+======================|
|   0  NVIDIA RTX A5000    Off  | 00000000:65:00.0 Off |                  Off |
| 30%   44C    P2    74W / 230W |   2138MiB / 24564MiB |     10%      Default |
|                               |                      |                  N/A |
+-------------------------------+----------------------+----------------------+

[Profile]GPU INFO - {'1141': [{'gpu_num': '0', 'user': 'bing', 'gpu_mem': '1900MiB', 'cpu': '103', 'mem': '3.4', 'time': '00:17', 'command': 'python imgclassification-train.py --batch_size 32 --profile --profile_n_epoch 3 --n_epoch 15 --profile_run 1 --model_name cnn'}, {'gpu_num': '0', 'user': 'bing', 'gpu_mem': '1900MiB', 'cpu': '101', 'mem': '3.4', 'time': '00:30', 'command': 'python imgclassification-train.py --batch_size 32 --profile --profile_n_epoch 3 --n_epoch 15 --profile_run 1 --model_name cnn'}]}
Epoch 3, Loss: 1.2924124523758964, Time: 12.17 seconds
Mon Nov  6 18:46:59 2023
+-----------------------------------------------------------------------------+
| NVIDIA-SMI 510.108.03   Driver Version: 510.108.03   CUDA Version: 11.6     |
|-------------------------------+----------------------+----------------------+
| GPU  Name        Persistence-M| Bus-Id        Disp.A | Volatile Uncorr. ECC |
| Fan  Temp  Perf  Pwr:Usage/Cap|         Memory-Usage | GPU-Util  Compute M. |
|                               |                      |               MIG M. |
|===============================+======================+======================|
|   0  NVIDIA RTX A5000    Off  | 00000000:65:00.0 Off |                  Off |
| 30%   45C    P2    75W / 230W |   2138MiB / 24564MiB |      9%      Default |
|                               |                      |                  N/A |
+-------------------------------+----------------------+----------------------+

[Profile]GPU INFO - {'1141': [{'gpu_num': '0', 'user': 'bing', 'gpu_mem': '1900MiB', 'cpu': '103', 'mem': '3.4', 'time': '00:17', 'command': 'python imgclassification-train.py --batch_size 32 --profile --profile_n_epoch 3 --n_epoch 15 --profile_run 1 --model_name cnn'}, {'gpu_num': '0', 'user': 'bing', 'gpu_mem': '1900MiB', 'cpu': '101', 'mem': '3.4', 'time': '00:30', 'command': 'python imgclassification-train.py --batch_size 32 --profile --profile_n_epoch 3 --n_epoch 15 --profile_run 1 --model_name cnn'}, {'gpu_num': '0', 'user': 'bing', 'gpu_mem': '1900MiB', 'cpu': '102', 'mem': '3.4', 'time': '00:42', 'command': 'python imgclassification-train.py --batch_size 32 --profile --profile_n_epoch 3 --n_epoch 15 --profile_run 1 --model_name cnn'}]}
Total Training Time: 0.000000h 0.000000m 39.086993s
Average Time for each Epoch: 0.000000h 0.000000m 13.028998s
[Profile] profiled results for job config stored at /home/bing/mlProfiler/template/profile/job_env_run_1.csv
Earlystop at epoch3
Training finished!
Test Accuracy: 54.27%
first batch - job3
